---
source: src/semantic_tokens.rs
expression: xs
---
[
    SemanticTokenType(
        "string",
    ),
    SemanticTokenType(
        "embedded",
    ),
    SemanticTokenType(
        "embedded",
    ),
    SemanticTokenType(
        "string",
    ),
    SemanticTokenType(
        "number",
    ),
]
