---
source: src/lib.rs
expression: "server.completion(CompletionParams\n{\n    text_document_position:\n    TextDocumentPositionParams::new(TextDocumentIdentifier::new(uri.clone()),\n    Position::new(0, 0),), work_done_progress_params:\n    WorkDoneProgressParams::default(), partial_result_params:\n    PartialResultParams::default(), context: None,\n}).await"
---
Ok(
    Some(
        Array(
            [
                CompletionItem {
                    label: "unit",
                    label_details: None,
                    kind: Some(
                        Snippet,
                    ),
                    detail: None,
                    documentation: None,
                    deprecated: None,
                    preselect: None,
                    sort_text: None,
                    filter_text: None,
                    insert_text: Some(
                        "type ${1:X} = unit {\n    ${2:a}: ${3:uint8};\n};",
                    ),
                    insert_text_format: Some(
                        Snippet,
                    ),
                    insert_text_mode: None,
                    text_edit: None,
                    additional_text_edits: None,
                    command: None,
                    commit_characters: None,
                    data: None,
                    tags: None,
                },
                CompletionItem {
                    label: "struct",
                    label_details: None,
                    kind: Some(
                        Snippet,
                    ),
                    detail: None,
                    documentation: None,
                    deprecated: None,
                    preselect: None,
                    sort_text: None,
                    filter_text: None,
                    insert_text: Some(
                        "type ${1:X} = unit {\n    ${2:a}: ${3:uint8};\n};",
                    ),
                    insert_text_format: Some(
                        Snippet,
                    ),
                    insert_text_mode: None,
                    text_edit: None,
                    additional_text_edits: None,
                    command: None,
                    commit_characters: None,
                    data: None,
                    tags: None,
                },
                CompletionItem {
                    label: "\n",
                    label_details: None,
                    kind: Some(
                        Keyword,
                    ),
                    detail: None,
                    documentation: None,
                    deprecated: None,
                    preselect: None,
                    sort_text: None,
                    filter_text: None,
                    insert_text: Some(
                        "\n",
                    ),
                    insert_text_format: None,
                    insert_text_mode: None,
                    text_edit: None,
                    additional_text_edits: None,
                    command: None,
                    commit_characters: None,
                    data: None,
                    tags: None,
                },
                CompletionItem {
                    label: "!",
                    label_details: None,
                    kind: Some(
                        Keyword,
                    ),
                    detail: None,
                    documentation: None,
                    deprecated: None,
                    preselect: None,
                    sort_text: None,
                    filter_text: None,
                    insert_text: Some(
                        "!",
                    ),
                    insert_text_format: None,
                    insert_text_mode: None,
                    text_edit: None,
                    additional_text_edits: None,
                    command: None,
                    commit_characters: None,
                    data: None,
                    tags: None,
                },
                CompletionItem {
                    label: "!=",
                    label_details: None,
                    kind: Some(
                        Keyword,
                    ),
                    detail: None,
                    documentation: None,
                    deprecated: None,
                    preselect: None,
                    sort_text: None,
                    filter_text: None,
                    insert_text: Some(
                        "!=",
                    ),
                    insert_text_format: None,
                    insert_text_mode: None,
                    text_edit: None,
                    additional_text_edits: None,
                    command: None,
                    commit_characters: None,
                    data: None,
                    tags: None,
                },
                CompletionItem {
                    label: "!in",
                    label_details: None,
                    kind: Some(
                        Keyword,
                    ),
                    detail: None,
                    documentation: None,
                    deprecated: None,
                    preselect: None,
                    sort_text: None,
                    filter_text: None,
                    insert_text: Some(
                        "!in",
                    ),
                    insert_text_format: None,
                    insert_text_mode: None,
                    text_edit: None,
                    additional_text_edits: None,
                    command: None,
                    commit_characters: None,
                    data: None,
                    tags: None,
                },
                CompletionItem {
                    label: "#",
                    label_details: None,
                    kind: Some(
                        Keyword,
                    ),
                    detail: None,
                    documentation: None,
                    deprecated: None,
                    preselect: None,
                    sort_text: None,
                    filter_text: None,
                    insert_text: Some(
                        "#",
                    ),
                    insert_text_format: None,
                    insert_text_mode: None,
                    text_edit: None,
                    additional_text_edits: None,
                    command: None,
                    commit_characters: None,
                    data: None,
                    tags: None,
                },
                CompletionItem {
                    label: "%",
                    label_details: None,
                    kind: Some(
                        Keyword,
                    ),
                    detail: None,
                    documentation: None,
                    deprecated: None,
                    preselect: None,
                    sort_text: None,
                    filter_text: None,
                    insert_text: Some(
                        "%",
                    ),
                    insert_text_format: None,
                    insert_text_mode: None,
                    text_edit: None,
                    additional_text_edits: None,
                    command: None,
                    commit_characters: None,
                    data: None,
                    tags: None,
                },
                CompletionItem {
                    label: "&",
                    label_details: None,
                    kind: Some(
                        Keyword,
                    ),
                    detail: None,
                    documentation: None,
                    deprecated: None,
                    preselect: None,
                    sort_text: None,
                    filter_text: None,
                    insert_text: Some(
                        "&",
                    ),
                    insert_text_format: None,
                    insert_text_mode: None,
                    text_edit: None,
                    additional_text_edits: None,
                    command: None,
                    commit_characters: None,
                    data: None,
                    tags: None,
                },
                CompletionItem {
                    label: "&&",
                    label_details: None,
                    kind: Some(
                        Keyword,
                    ),
                    detail: None,
                    documentation: None,
                    deprecated: None,
                    preselect: None,
                    sort_text: None,
                    filter_text: None,
                    insert_text: Some(
                        "&&",
                    ),
                    insert_text_format: None,
                    insert_text_mode: None,
                    text_edit: None,
                    additional_text_edits: None,
                    command: None,
                    commit_characters: None,
                    data: None,
                    tags: None,
                },
                CompletionItem {
                    label: "(",
                    label_details: None,
                    kind: Some(
                        Keyword,
                    ),
                    detail: None,
                    documentation: None,
                    deprecated: None,
                    preselect: None,
                    sort_text: None,
                    filter_text: None,
                    insert_text: Some(
                        "(",
                    ),
                    insert_text_format: None,
                    insert_text_mode: None,
                    text_edit: None,
                    additional_text_edits: None,
                    command: None,
                    commit_characters: None,
                    data: None,
                    tags: None,
                },
                CompletionItem {
                    label: ")",
                    label_details: None,
                    kind: Some(
                        Keyword,
                    ),
                    detail: None,
                    documentation: None,
                    deprecated: None,
                    preselect: None,
                    sort_text: None,
                    filter_text: None,
                    insert_text: Some(
                        ")",
                    ),
                    insert_text_format: None,
                    insert_text_mode: None,
                    text_edit: None,
                    additional_text_edits: None,
                    command: None,
                    commit_characters: None,
                    data: None,
                    tags: None,
                },
                CompletionItem {
                    label: "*",
                    label_details: None,
                    kind: Some(
                        Keyword,
                    ),
                    detail: None,
                    documentation: None,
                    deprecated: None,
                    preselect: None,
                    sort_text: None,
                    filter_text: None,
                    insert_text: Some(
                        "*",
                    ),
                    insert_text_format: None,
                    insert_text_mode: None,
                    text_edit: None,
                    additional_text_edits: None,
                    command: None,
                    commit_characters: None,
                    data: None,
                    tags: None,
                },
                CompletionItem {
                    label: "**",
                    label_details: None,
                    kind: Some(
                        Keyword,
                    ),
                    detail: None,
                    documentation: None,
                    deprecated: None,
                    preselect: None,
                    sort_text: None,
                    filter_text: None,
                    insert_text: Some(
                        "**",
                    ),
                    insert_text_format: None,
                    insert_text_mode: None,
                    text_edit: None,
                    additional_text_edits: None,
                    command: None,
                    commit_characters: None,
                    data: None,
                    tags: None,
                },
                CompletionItem {
                    label: "*=",
                    label_details: None,
                    kind: Some(
                        Keyword,
                    ),
                    detail: None,
                    documentation: None,
                    deprecated: None,
                    preselect: None,
                    sort_text: None,
                    filter_text: None,
                    insert_text: Some(
                        "*=",
                    ),
                    insert_text_format: None,
                    insert_text_mode: None,
                    text_edit: None,
                    additional_text_edits: None,
                    command: None,
                    commit_characters: None,
                    data: None,
                    tags: None,
                },
                CompletionItem {
                    label: "+",
                    label_details: None,
                    kind: Some(
                        Keyword,
                    ),
                    detail: None,
                    documentation: None,
                    deprecated: None,
                    preselect: None,
                    sort_text: None,
                    filter_text: None,
                    insert_text: Some(
                        "+",
                    ),
                    insert_text_format: None,
                    insert_text_mode: None,
                    text_edit: None,
                    additional_text_edits: None,
                    command: None,
                    commit_characters: None,
                    data: None,
                    tags: None,
                },
                CompletionItem {
                    label: "++",
                    label_details: None,
                    kind: Some(
                        Keyword,
                    ),
                    detail: None,
                    documentation: None,
                    deprecated: None,
                    preselect: None,
                    sort_text: None,
                    filter_text: None,
                    insert_text: Some(
                        "++",
                    ),
                    insert_text_format: None,
                    insert_text_mode: None,
                    text_edit: None,
                    additional_text_edits: None,
                    command: None,
                    commit_characters: None,
                    data: None,
                    tags: None,
                },
                CompletionItem {
                    label: "+=",
                    label_details: None,
                    kind: Some(
                        Keyword,
                    ),
                    detail: None,
                    documentation: None,
                    deprecated: None,
                    preselect: None,
                    sort_text: None,
                    filter_text: None,
                    insert_text: Some(
                        "+=",
                    ),
                    insert_text_format: None,
                    insert_text_mode: None,
                    text_edit: None,
                    additional_text_edits: None,
                    command: None,
                    commit_characters: None,
                    data: None,
                    tags: None,
                },
                CompletionItem {
                    label: ",",
                    label_details: None,
                    kind: Some(
                        Keyword,
                    ),
                    detail: None,
                    documentation: None,
                    deprecated: None,
                    preselect: None,
                    sort_text: None,
                    filter_text: None,
                    insert_text: Some(
                        ",",
                    ),
                    insert_text_format: None,
                    insert_text_mode: None,
                    text_edit: None,
                    additional_text_edits: None,
                    command: None,
                    commit_characters: None,
                    data: None,
                    tags: None,
                },
                CompletionItem {
                    label: "-",
                    label_details: None,
                    kind: Some(
                        Keyword,
                    ),
                    detail: None,
                    documentation: None,
                    deprecated: None,
                    preselect: None,
                    sort_text: None,
                    filter_text: None,
                    insert_text: Some(
                        "-",
                    ),
                    insert_text_format: None,
                    insert_text_mode: None,
                    text_edit: None,
                    additional_text_edits: None,
                    command: None,
                    commit_characters: None,
                    data: None,
                    tags: None,
                },
                CompletionItem {
                    label: "--",
                    label_details: None,
                    kind: Some(
                        Keyword,
                    ),
                    detail: None,
                    documentation: None,
                    deprecated: None,
                    preselect: None,
                    sort_text: None,
                    filter_text: None,
                    insert_text: Some(
                        "--",
                    ),
                    insert_text_format: None,
                    insert_text_mode: None,
                    text_edit: None,
                    additional_text_edits: None,
                    command: None,
                    commit_characters: None,
                    data: None,
                    tags: None,
                },
                CompletionItem {
                    label: "-=",
                    label_details: None,
                    kind: Some(
                        Keyword,
                    ),
                    detail: None,
                    documentation: None,
                    deprecated: None,
                    preselect: None,
                    sort_text: None,
                    filter_text: None,
                    insert_text: Some(
                        "-=",
                    ),
                    insert_text_format: None,
                    insert_text_mode: None,
                    text_edit: None,
                    additional_text_edits: None,
                    command: None,
                    commit_characters: None,
                    data: None,
                    tags: None,
                },
                CompletionItem {
                    label: "->",
                    label_details: None,
                    kind: Some(
                        Keyword,
                    ),
                    detail: None,
                    documentation: None,
                    deprecated: None,
                    preselect: None,
                    sort_text: None,
                    filter_text: None,
                    insert_text: Some(
                        "->",
                    ),
                    insert_text_format: None,
                    insert_text_mode: None,
                    text_edit: None,
                    additional_text_edits: None,
                    command: None,
                    commit_characters: None,
                    data: None,
                    tags: None,
                },
                CompletionItem {
                    label: "-exception",
                    label_details: None,
                    kind: Some(
                        Keyword,
                    ),
                    detail: None,
                    documentation: None,
                    deprecated: None,
                    preselect: None,
                    sort_text: None,
                    filter_text: None,
                    insert_text: Some(
                        "-exception",
                    ),
                    insert_text_format: None,
                    insert_text_mode: None,
                    text_edit: None,
                    additional_text_edits: None,
                    command: None,
                    commit_characters: None,
                    data: None,
                    tags: None,
                },
                CompletionItem {
                    label: ".",
                    label_details: None,
                    kind: Some(
                        Keyword,
                    ),
                    detail: None,
                    documentation: None,
                    deprecated: None,
                    preselect: None,
                    sort_text: None,
                    filter_text: None,
                    insert_text: Some(
                        ".",
                    ),
                    insert_text_format: None,
                    insert_text_mode: None,
                    text_edit: None,
                    additional_text_edits: None,
                    command: None,
                    commit_characters: None,
                    data: None,
                    tags: None,
                },
                CompletionItem {
                    label: "..",
                    label_details: None,
                    kind: Some(
                        Keyword,
                    ),
                    detail: None,
                    documentation: None,
                    deprecated: None,
                    preselect: None,
                    sort_text: None,
                    filter_text: None,
                    insert_text: Some(
                        "..",
                    ),
                    insert_text_format: None,
                    insert_text_mode: None,
                    text_edit: None,
                    additional_text_edits: None,
                    command: None,
                    commit_characters: None,
                    data: None,
                    tags: None,
                },
                CompletionItem {
                    label: ".?",
                    label_details: None,
                    kind: Some(
                        Keyword,
                    ),
                    detail: None,
                    documentation: None,
                    deprecated: None,
                    preselect: None,
                    sort_text: None,
                    filter_text: None,
                    insert_text: Some(
                        ".?",
                    ),
                    insert_text_format: None,
                    insert_text_mode: None,
                    text_edit: None,
                    additional_text_edits: None,
                    command: None,
                    commit_characters: None,
                    data: None,
                    tags: None,
                },
                CompletionItem {
                    label: "/",
                    label_details: None,
                    kind: Some(
                        Keyword,
                    ),
                    detail: None,
                    documentation: None,
                    deprecated: None,
                    preselect: None,
                    sort_text: None,
                    filter_text: None,
                    insert_text: Some(
                        "/",
                    ),
                    insert_text_format: None,
                    insert_text_mode: None,
                    text_edit: None,
                    additional_text_edits: None,
                    command: None,
                    commit_characters: None,
                    data: None,
                    tags: None,
                },
                CompletionItem {
                    label: "/=",
                    label_details: None,
                    kind: Some(
                        Keyword,
                    ),
                    detail: None,
                    documentation: None,
                    deprecated: None,
                    preselect: None,
                    sort_text: None,
                    filter_text: None,
                    insert_text: Some(
                        "/=",
                    ),
                    insert_text_format: None,
                    insert_text_mode: None,
                    text_edit: None,
                    additional_text_edits: None,
                    command: None,
                    commit_characters: None,
                    data: None,
                    tags: None,
                },
                CompletionItem {
                    label: ":",
                    label_details: None,
                    kind: Some(
                        Keyword,
                    ),
                    detail: None,
                    documentation: None,
                    deprecated: None,
                    preselect: None,
                    sort_text: None,
                    filter_text: None,
                    insert_text: Some(
                        ":",
                    ),
                    insert_text_format: None,
                    insert_text_mode: None,
                    text_edit: None,
                    additional_text_edits: None,
                    command: None,
                    commit_characters: None,
                    data: None,
                    tags: None,
                },
                CompletionItem {
                    label: "::",
                    label_details: None,
                    kind: Some(
                        Keyword,
                    ),
                    detail: None,
                    documentation: None,
                    deprecated: None,
                    preselect: None,
                    sort_text: None,
                    filter_text: None,
                    insert_text: Some(
                        "::",
                    ),
                    insert_text_format: None,
                    insert_text_mode: None,
                    text_edit: None,
                    additional_text_edits: None,
                    command: None,
                    commit_characters: None,
                    data: None,
                    tags: None,
                },
                CompletionItem {
                    label: ";",
                    label_details: None,
                    kind: Some(
                        Keyword,
                    ),
                    detail: None,
                    documentation: None,
                    deprecated: None,
                    preselect: None,
                    sort_text: None,
                    filter_text: None,
                    insert_text: Some(
                        ";",
                    ),
                    insert_text_format: None,
                    insert_text_mode: None,
                    text_edit: None,
                    additional_text_edits: None,
                    command: None,
                    commit_characters: None,
                    data: None,
                    tags: None,
                },
                CompletionItem {
                    label: "<",
                    label_details: None,
                    kind: Some(
                        Keyword,
                    ),
                    detail: None,
                    documentation: None,
                    deprecated: None,
                    preselect: None,
                    sort_text: None,
                    filter_text: None,
                    insert_text: Some(
                        "<",
                    ),
                    insert_text_format: None,
                    insert_text_mode: None,
                    text_edit: None,
                    additional_text_edits: None,
                    command: None,
                    commit_characters: None,
                    data: None,
                    tags: None,
                },
                CompletionItem {
                    label: "<<",
                    label_details: None,
                    kind: Some(
                        Keyword,
                    ),
                    detail: None,
                    documentation: None,
                    deprecated: None,
                    preselect: None,
                    sort_text: None,
                    filter_text: None,
                    insert_text: Some(
                        "<<",
                    ),
                    insert_text_format: None,
                    insert_text_mode: None,
                    text_edit: None,
                    additional_text_edits: None,
                    command: None,
                    commit_characters: None,
                    data: None,
                    tags: None,
                },
                CompletionItem {
                    label: "<=",
                    label_details: None,
                    kind: Some(
                        Keyword,
                    ),
                    detail: None,
                    documentation: None,
                    deprecated: None,
                    preselect: None,
                    sort_text: None,
                    filter_text: None,
                    insert_text: Some(
                        "<=",
                    ),
                    insert_text_format: None,
                    insert_text_mode: None,
                    text_edit: None,
                    additional_text_edits: None,
                    command: None,
                    commit_characters: None,
                    data: None,
                    tags: None,
                },
                CompletionItem {
                    label: "=",
                    label_details: None,
                    kind: Some(
                        Keyword,
                    ),
                    detail: None,
                    documentation: None,
                    deprecated: None,
                    preselect: None,
                    sort_text: None,
                    filter_text: None,
                    insert_text: Some(
                        "=",
                    ),
                    insert_text_format: None,
                    insert_text_mode: None,
                    text_edit: None,
                    additional_text_edits: None,
                    command: None,
                    commit_characters: None,
                    data: None,
                    tags: None,
                },
                CompletionItem {
                    label: "==",
                    label_details: None,
                    kind: Some(
                        Keyword,
                    ),
                    detail: None,
                    documentation: None,
                    deprecated: None,
                    preselect: None,
                    sort_text: None,
                    filter_text: None,
                    insert_text: Some(
                        "==",
                    ),
                    insert_text_format: None,
                    insert_text_mode: None,
                    text_edit: None,
                    additional_text_edits: None,
                    command: None,
                    commit_characters: None,
                    data: None,
                    tags: None,
                },
                CompletionItem {
                    label: ">",
                    label_details: None,
                    kind: Some(
                        Keyword,
                    ),
                    detail: None,
                    documentation: None,
                    deprecated: None,
                    preselect: None,
                    sort_text: None,
                    filter_text: None,
                    insert_text: Some(
                        ">",
                    ),
                    insert_text_format: None,
                    insert_text_mode: None,
                    text_edit: None,
                    additional_text_edits: None,
                    command: None,
                    commit_characters: None,
                    data: None,
                    tags: None,
                },
                CompletionItem {
                    label: ">=",
                    label_details: None,
                    kind: Some(
                        Keyword,
                    ),
                    detail: None,
                    documentation: None,
                    deprecated: None,
                    preselect: None,
                    sort_text: None,
                    filter_text: None,
                    insert_text: Some(
                        ">=",
                    ),
                    insert_text_format: None,
                    insert_text_mode: None,
                    text_edit: None,
                    additional_text_edits: None,
                    command: None,
                    commit_characters: None,
                    data: None,
                    tags: None,
                },
                CompletionItem {
                    label: ">>",
                    label_details: None,
                    kind: Some(
                        Keyword,
                    ),
                    detail: None,
                    documentation: None,
                    deprecated: None,
                    preselect: None,
                    sort_text: None,
                    filter_text: None,
                    insert_text: Some(
                        ">>",
                    ),
                    insert_text_format: None,
                    insert_text_mode: None,
                    text_edit: None,
                    additional_text_edits: None,
                    command: None,
                    commit_characters: None,
                    data: None,
                    tags: None,
                },
                CompletionItem {
                    label: "?",
                    label_details: None,
                    kind: Some(
                        Keyword,
                    ),
                    detail: None,
                    documentation: None,
                    deprecated: None,
                    preselect: None,
                    sort_text: None,
                    filter_text: None,
                    insert_text: Some(
                        "?",
                    ),
                    insert_text_format: None,
                    insert_text_mode: None,
                    text_edit: None,
                    additional_text_edits: None,
                    command: None,
                    commit_characters: None,
                    data: None,
                    tags: None,
                },
                CompletionItem {
                    label: "?.",
                    label_details: None,
                    kind: Some(
                        Keyword,
                    ),
                    detail: None,
                    documentation: None,
                    deprecated: None,
                    preselect: None,
                    sort_text: None,
                    filter_text: None,
                    insert_text: Some(
                        "?.",
                    ),
                    insert_text_format: None,
                    insert_text_mode: None,
                    text_edit: None,
                    additional_text_edits: None,
                    command: None,
                    commit_characters: None,
                    data: None,
                    tags: None,
                },
                CompletionItem {
                    label: "@else",
                    label_details: None,
                    kind: Some(
                        Keyword,
                    ),
                    detail: None,
                    documentation: None,
                    deprecated: None,
                    preselect: None,
                    sort_text: None,
                    filter_text: None,
                    insert_text: Some(
                        "@else",
                    ),
                    insert_text_format: None,
                    insert_text_mode: None,
                    text_edit: None,
                    additional_text_edits: None,
                    command: None,
                    commit_characters: None,
                    data: None,
                    tags: None,
                },
                CompletionItem {
                    label: "@endif",
                    label_details: None,
                    kind: Some(
                        Keyword,
                    ),
                    detail: None,
                    documentation: None,
                    deprecated: None,
                    preselect: None,
                    sort_text: None,
                    filter_text: None,
                    insert_text: Some(
                        "@endif",
                    ),
                    insert_text_format: None,
                    insert_text_mode: None,
                    text_edit: None,
                    additional_text_edits: None,
                    command: None,
                    commit_characters: None,
                    data: None,
                    tags: None,
                },
                CompletionItem {
                    label: "@if",
                    label_details: None,
                    kind: Some(
                        Keyword,
                    ),
                    detail: None,
                    documentation: None,
                    deprecated: None,
                    preselect: None,
                    sort_text: None,
                    filter_text: None,
                    insert_text: Some(
                        "@if",
                    ),
                    insert_text_format: None,
                    insert_text_mode: None,
                    text_edit: None,
                    additional_text_edits: None,
                    command: None,
                    commit_characters: None,
                    data: None,
                    tags: None,
                },
                CompletionItem {
                    label: "False",
                    label_details: None,
                    kind: Some(
                        Keyword,
                    ),
                    detail: None,
                    documentation: None,
                    deprecated: None,
                    preselect: None,
                    sort_text: None,
                    filter_text: None,
                    insert_text: Some(
                        "False",
                    ),
                    insert_text_format: None,
                    insert_text_mode: None,
                    text_edit: None,
                    additional_text_edits: None,
                    command: None,
                    commit_characters: None,
                    data: None,
                    tags: None,
                },
                CompletionItem {
                    label: "True",
                    label_details: None,
                    kind: Some(
                        Keyword,
                    ),
                    detail: None,
                    documentation: None,
                    deprecated: None,
                    preselect: None,
                    sort_text: None,
                    filter_text: None,
                    insert_text: Some(
                        "True",
                    ),
                    insert_text_format: None,
                    insert_text_mode: None,
                    text_edit: None,
                    additional_text_edits: None,
                    command: None,
                    commit_characters: None,
                    data: None,
                    tags: None,
                },
                CompletionItem {
                    label: "[",
                    label_details: None,
                    kind: Some(
                        Keyword,
                    ),
                    detail: None,
                    documentation: None,
                    deprecated: None,
                    preselect: None,
                    sort_text: None,
                    filter_text: None,
                    insert_text: Some(
                        "[",
                    ),
                    insert_text_format: None,
                    insert_text_mode: None,
                    text_edit: None,
                    additional_text_edits: None,
                    command: None,
                    commit_characters: None,
                    data: None,
                    tags: None,
                },
                CompletionItem {
                    label: "[]",
                    label_details: None,
                    kind: Some(
                        Keyword,
                    ),
                    detail: None,
                    documentation: None,
                    deprecated: None,
                    preselect: None,
                    sort_text: None,
                    filter_text: None,
                    insert_text: Some(
                        "[]",
                    ),
                    insert_text_format: None,
                    insert_text_mode: None,
                    text_edit: None,
                    additional_text_edits: None,
                    command: None,
                    commit_characters: None,
                    data: None,
                    tags: None,
                },
                CompletionItem {
                    label: "]",
                    label_details: None,
                    kind: Some(
                        Keyword,
                    ),
                    detail: None,
                    documentation: None,
                    deprecated: None,
                    preselect: None,
                    sort_text: None,
                    filter_text: None,
                    insert_text: Some(
                        "]",
                    ),
                    insert_text_format: None,
                    insert_text_mode: None,
                    text_edit: None,
                    additional_text_edits: None,
                    command: None,
                    commit_characters: None,
                    data: None,
                    tags: None,
                },
                CompletionItem {
                    label: "^",
                    label_details: None,
                    kind: Some(
                        Keyword,
                    ),
                    detail: None,
                    documentation: None,
                    deprecated: None,
                    preselect: None,
                    sort_text: None,
                    filter_text: None,
                    insert_text: Some(
                        "^",
                    ),
                    insert_text_format: None,
                    insert_text_mode: None,
                    text_edit: None,
                    additional_text_edits: None,
                    command: None,
                    commit_characters: None,
                    data: None,
                    tags: None,
                },
                CompletionItem {
                    label: "__library_type",
                    label_details: None,
                    kind: Some(
                        Keyword,
                    ),
                    detail: None,
                    documentation: None,
                    deprecated: None,
                    preselect: None,
                    sort_text: None,
                    filter_text: None,
                    insert_text: Some(
                        "__library_type",
                    ),
                    insert_text_format: None,
                    insert_text_mode: None,
                    text_edit: None,
                    additional_text_edits: None,
                    command: None,
                    commit_characters: None,
                    data: None,
                    tags: None,
                },
                CompletionItem {
                    label: "add",
                    label_details: None,
                    kind: Some(
                        Keyword,
                    ),
                    detail: None,
                    documentation: None,
                    deprecated: None,
                    preselect: None,
                    sort_text: None,
                    filter_text: None,
                    insert_text: Some(
                        "add",
                    ),
                    insert_text_format: None,
                    insert_text_mode: None,
                    text_edit: None,
                    additional_text_edits: None,
                    command: None,
                    commit_characters: None,
                    data: None,
                    tags: None,
                },
                CompletionItem {
                    label: "assert",
                    label_details: None,
                    kind: Some(
                        Keyword,
                    ),
                    detail: None,
                    documentation: None,
                    deprecated: None,
                    preselect: None,
                    sort_text: None,
                    filter_text: None,
                    insert_text: Some(
                        "assert",
                    ),
                    insert_text_format: None,
                    insert_text_mode: None,
                    text_edit: None,
                    additional_text_edits: None,
                    command: None,
                    commit_characters: None,
                    data: None,
                    tags: None,
                },
                CompletionItem {
                    label: "bitfield",
                    label_details: None,
                    kind: Some(
                        Keyword,
                    ),
                    detail: None,
                    documentation: None,
                    deprecated: None,
                    preselect: None,
                    sort_text: None,
                    filter_text: None,
                    insert_text: Some(
                        "bitfield",
                    ),
                    insert_text_format: None,
                    insert_text_mode: None,
                    text_edit: None,
                    additional_text_edits: None,
                    command: None,
                    commit_characters: None,
                    data: None,
                    tags: None,
                },
                CompletionItem {
                    label: "case",
                    label_details: None,
                    kind: Some(
                        Keyword,
                    ),
                    detail: None,
                    documentation: None,
                    deprecated: None,
                    preselect: None,
                    sort_text: None,
                    filter_text: None,
                    insert_text: Some(
                        "case",
                    ),
                    insert_text_format: None,
                    insert_text_mode: None,
                    text_edit: None,
                    additional_text_edits: None,
                    command: None,
                    commit_characters: None,
                    data: None,
                    tags: None,
                },
                CompletionItem {
                    label: "cast",
                    label_details: None,
                    kind: Some(
                        Keyword,
                    ),
                    detail: None,
                    documentation: None,
                    deprecated: None,
                    preselect: None,
                    sort_text: None,
                    filter_text: None,
                    insert_text: Some(
                        "cast",
                    ),
                    insert_text_format: None,
                    insert_text_mode: None,
                    text_edit: None,
                    additional_text_edits: None,
                    command: None,
                    commit_characters: None,
                    data: None,
                    tags: None,
                },
                CompletionItem {
                    label: "const",
                    label_details: None,
                    kind: Some(
                        Keyword,
                    ),
                    detail: None,
                    documentation: None,
                    deprecated: None,
                    preselect: None,
                    sort_text: None,
                    filter_text: None,
                    insert_text: Some(
                        "const",
                    ),
                    insert_text_format: None,
                    insert_text_mode: None,
                    text_edit: None,
                    additional_text_edits: None,
                    command: None,
                    commit_characters: None,
                    data: None,
                    tags: None,
                },
                CompletionItem {
                    label: "default",
                    label_details: None,
                    kind: Some(
                        Keyword,
                    ),
                    detail: None,
                    documentation: None,
                    deprecated: None,
                    preselect: None,
                    sort_text: None,
                    filter_text: None,
                    insert_text: Some(
                        "default",
                    ),
                    insert_text_format: None,
                    insert_text_mode: None,
                    text_edit: None,
                    additional_text_edits: None,
                    command: None,
                    commit_characters: None,
                    data: None,
                    tags: None,
                },
                CompletionItem {
                    label: "delete",
                    label_details: None,
                    kind: Some(
                        Keyword,
                    ),
                    detail: None,
                    documentation: None,
                    deprecated: None,
                    preselect: None,
                    sort_text: None,
                    filter_text: None,
                    insert_text: Some(
                        "delete",
                    ),
                    insert_text_format: None,
                    insert_text_mode: None,
                    text_edit: None,
                    additional_text_edits: None,
                    command: None,
                    commit_characters: None,
                    data: None,
                    tags: None,
                },
                CompletionItem {
                    label: "else",
                    label_details: None,
                    kind: Some(
                        Keyword,
                    ),
                    detail: None,
                    documentation: None,
                    deprecated: None,
                    preselect: None,
                    sort_text: None,
                    filter_text: None,
                    insert_text: Some(
                        "else",
                    ),
                    insert_text_format: None,
                    insert_text_mode: None,
                    text_edit: None,
                    additional_text_edits: None,
                    command: None,
                    commit_characters: None,
                    data: None,
                    tags: None,
                },
                CompletionItem {
                    label: "enum",
                    label_details: None,
                    kind: Some(
                        Keyword,
                    ),
                    detail: None,
                    documentation: None,
                    deprecated: None,
                    preselect: None,
                    sort_text: None,
                    filter_text: None,
                    insert_text: Some(
                        "enum",
                    ),
                    insert_text_format: None,
                    insert_text_mode: None,
                    text_edit: None,
                    additional_text_edits: None,
                    command: None,
                    commit_characters: None,
                    data: None,
                    tags: None,
                },
                CompletionItem {
                    label: "error",
                    label_details: None,
                    kind: Some(
                        Keyword,
                    ),
                    detail: None,
                    documentation: None,
                    deprecated: None,
                    preselect: None,
                    sort_text: None,
                    filter_text: None,
                    insert_text: Some(
                        "error",
                    ),
                    insert_text_format: None,
                    insert_text_mode: None,
                    text_edit: None,
                    additional_text_edits: None,
                    command: None,
                    commit_characters: None,
                    data: None,
                    tags: None,
                },
                CompletionItem {
                    label: "for",
                    label_details: None,
                    kind: Some(
                        Keyword,
                    ),
                    detail: None,
                    documentation: None,
                    deprecated: None,
                    preselect: None,
                    sort_text: None,
                    filter_text: None,
                    insert_text: Some(
                        "for",
                    ),
                    insert_text_format: None,
                    insert_text_mode: None,
                    text_edit: None,
                    additional_text_edits: None,
                    command: None,
                    commit_characters: None,
                    data: None,
                    tags: None,
                },
                CompletionItem {
                    label: "foreach",
                    label_details: None,
                    kind: Some(
                        Keyword,
                    ),
                    detail: None,
                    documentation: None,
                    deprecated: None,
                    preselect: None,
                    sort_text: None,
                    filter_text: None,
                    insert_text: Some(
                        "foreach",
                    ),
                    insert_text_format: None,
                    insert_text_mode: None,
                    text_edit: None,
                    additional_text_edits: None,
                    command: None,
                    commit_characters: None,
                    data: None,
                    tags: None,
                },
                CompletionItem {
                    label: "function",
                    label_details: None,
                    kind: Some(
                        Keyword,
                    ),
                    detail: None,
                    documentation: None,
                    deprecated: None,
                    preselect: None,
                    sort_text: None,
                    filter_text: None,
                    insert_text: Some(
                        "function",
                    ),
                    insert_text_format: None,
                    insert_text_mode: None,
                    text_edit: None,
                    additional_text_edits: None,
                    command: None,
                    commit_characters: None,
                    data: None,
                    tags: None,
                },
                CompletionItem {
                    label: "global",
                    label_details: None,
                    kind: Some(
                        Keyword,
                    ),
                    detail: None,
                    documentation: None,
                    deprecated: None,
                    preselect: None,
                    sort_text: None,
                    filter_text: None,
                    insert_text: Some(
                        "global",
                    ),
                    insert_text_format: None,
                    insert_text_mode: None,
                    text_edit: None,
                    additional_text_edits: None,
                    command: None,
                    commit_characters: None,
                    data: None,
                    tags: None,
                },
                CompletionItem {
                    label: "if",
                    label_details: None,
                    kind: Some(
                        Keyword,
                    ),
                    detail: None,
                    documentation: None,
                    deprecated: None,
                    preselect: None,
                    sort_text: None,
                    filter_text: None,
                    insert_text: Some(
                        "if",
                    ),
                    insert_text_format: None,
                    insert_text_mode: None,
                    text_edit: None,
                    additional_text_edits: None,
                    command: None,
                    commit_characters: None,
                    data: None,
                    tags: None,
                },
                CompletionItem {
                    label: "import",
                    label_details: None,
                    kind: Some(
                        Keyword,
                    ),
                    detail: None,
                    documentation: None,
                    deprecated: None,
                    preselect: None,
                    sort_text: None,
                    filter_text: None,
                    insert_text: Some(
                        "import",
                    ),
                    insert_text_format: None,
                    insert_text_mode: None,
                    text_edit: None,
                    additional_text_edits: None,
                    command: None,
                    commit_characters: None,
                    data: None,
                    tags: None,
                },
                CompletionItem {
                    label: "in",
                    label_details: None,
                    kind: Some(
                        Keyword,
                    ),
                    detail: None,
                    documentation: None,
                    deprecated: None,
                    preselect: None,
                    sort_text: None,
                    filter_text: None,
                    insert_text: Some(
                        "in",
                    ),
                    insert_text_format: None,
                    insert_text_mode: None,
                    text_edit: None,
                    additional_text_edits: None,
                    command: None,
                    commit_characters: None,
                    data: None,
                    tags: None,
                },
                CompletionItem {
                    label: "iterator",
                    label_details: None,
                    kind: Some(
                        Keyword,
                    ),
                    detail: None,
                    documentation: None,
                    deprecated: None,
                    preselect: None,
                    sort_text: None,
                    filter_text: None,
                    insert_text: Some(
                        "iterator",
                    ),
                    insert_text_format: None,
                    insert_text_mode: None,
                    text_edit: None,
                    additional_text_edits: None,
                    command: None,
                    commit_characters: None,
                    data: None,
                    tags: None,
                },
                CompletionItem {
                    label: "local",
                    label_details: None,
                    kind: Some(
                        Keyword,
                    ),
                    detail: None,
                    documentation: None,
                    deprecated: None,
                    preselect: None,
                    sort_text: None,
                    filter_text: None,
                    insert_text: Some(
                        "local",
                    ),
                    insert_text_format: None,
                    insert_text_mode: None,
                    text_edit: None,
                    additional_text_edits: None,
                    command: None,
                    commit_characters: None,
                    data: None,
                    tags: None,
                },
                CompletionItem {
                    label: "map",
                    label_details: None,
                    kind: Some(
                        Keyword,
                    ),
                    detail: None,
                    documentation: None,
                    deprecated: None,
                    preselect: None,
                    sort_text: None,
                    filter_text: None,
                    insert_text: Some(
                        "map",
                    ),
                    insert_text_format: None,
                    insert_text_mode: None,
                    text_edit: None,
                    additional_text_edits: None,
                    command: None,
                    commit_characters: None,
                    data: None,
                    tags: None,
                },
                CompletionItem {
                    label: "module",
                    label_details: None,
                    kind: Some(
                        Keyword,
                    ),
                    detail: None,
                    documentation: None,
                    deprecated: None,
                    preselect: None,
                    sort_text: None,
                    filter_text: None,
                    insert_text: Some(
                        "module",
                    ),
                    insert_text_format: None,
                    insert_text_mode: None,
                    text_edit: None,
                    additional_text_edits: None,
                    command: None,
                    commit_characters: None,
                    data: None,
                    tags: None,
                },
                CompletionItem {
                    label: "new",
                    label_details: None,
                    kind: Some(
                        Keyword,
                    ),
                    detail: None,
                    documentation: None,
                    deprecated: None,
                    preselect: None,
                    sort_text: None,
                    filter_text: None,
                    insert_text: Some(
                        "new",
                    ),
                    insert_text_format: None,
                    insert_text_mode: None,
                    text_edit: None,
                    additional_text_edits: None,
                    command: None,
                    commit_characters: None,
                    data: None,
                    tags: None,
                },
                CompletionItem {
                    label: "on",
                    label_details: None,
                    kind: Some(
                        Keyword,
                    ),
                    detail: None,
                    documentation: None,
                    deprecated: None,
                    preselect: None,
                    sort_text: None,
                    filter_text: None,
                    insert_text: Some(
                        "on",
                    ),
                    insert_text_format: None,
                    insert_text_mode: None,
                    text_edit: None,
                    additional_text_edits: None,
                    command: None,
                    commit_characters: None,
                    data: None,
                    tags: None,
                },
                CompletionItem {
                    label: "optional",
                    label_details: None,
                    kind: Some(
                        Keyword,
                    ),
                    detail: None,
                    documentation: None,
                    deprecated: None,
                    preselect: None,
                    sort_text: None,
                    filter_text: None,
                    insert_text: Some(
                        "optional",
                    ),
                    insert_text_format: None,
                    insert_text_mode: None,
                    text_edit: None,
                    additional_text_edits: None,
                    command: None,
                    commit_characters: None,
                    data: None,
                    tags: None,
                },
                CompletionItem {
                    label: "print",
                    label_details: None,
                    kind: Some(
                        Keyword,
                    ),
                    detail: None,
                    documentation: None,
                    deprecated: None,
                    preselect: None,
                    sort_text: None,
                    filter_text: None,
                    insert_text: Some(
                        "print",
                    ),
                    insert_text_format: None,
                    insert_text_mode: None,
                    text_edit: None,
                    additional_text_edits: None,
                    command: None,
                    commit_characters: None,
                    data: None,
                    tags: None,
                },
                CompletionItem {
                    label: "priority",
                    label_details: None,
                    kind: Some(
                        Keyword,
                    ),
                    detail: None,
                    documentation: None,
                    deprecated: None,
                    preselect: None,
                    sort_text: None,
                    filter_text: None,
                    insert_text: Some(
                        "priority",
                    ),
                    insert_text_format: None,
                    insert_text_mode: None,
                    text_edit: None,
                    additional_text_edits: None,
                    command: None,
                    commit_characters: None,
                    data: None,
                    tags: None,
                },
                CompletionItem {
                    label: "result",
                    label_details: None,
                    kind: Some(
                        Keyword,
                    ),
                    detail: None,
                    documentation: None,
                    deprecated: None,
                    preselect: None,
                    sort_text: None,
                    filter_text: None,
                    insert_text: Some(
                        "result",
                    ),
                    insert_text_format: None,
                    insert_text_mode: None,
                    text_edit: None,
                    additional_text_edits: None,
                    command: None,
                    commit_characters: None,
                    data: None,
                    tags: None,
                },
                CompletionItem {
                    label: "return",
                    label_details: None,
                    kind: Some(
                        Keyword,
                    ),
                    detail: None,
                    documentation: None,
                    deprecated: None,
                    preselect: None,
                    sort_text: None,
                    filter_text: None,
                    insert_text: Some(
                        "return",
                    ),
                    insert_text_format: None,
                    insert_text_mode: None,
                    text_edit: None,
                    additional_text_edits: None,
                    command: None,
                    commit_characters: None,
                    data: None,
                    tags: None,
                },
                CompletionItem {
                    label: "set",
                    label_details: None,
                    kind: Some(
                        Keyword,
                    ),
                    detail: None,
                    documentation: None,
                    deprecated: None,
                    preselect: None,
                    sort_text: None,
                    filter_text: None,
                    insert_text: Some(
                        "set",
                    ),
                    insert_text_format: None,
                    insert_text_mode: None,
                    text_edit: None,
                    additional_text_edits: None,
                    command: None,
                    commit_characters: None,
                    data: None,
                    tags: None,
                },
                CompletionItem {
                    label: "sink",
                    label_details: None,
                    kind: Some(
                        Keyword,
                    ),
                    detail: None,
                    documentation: None,
                    deprecated: None,
                    preselect: None,
                    sort_text: None,
                    filter_text: None,
                    insert_text: Some(
                        "sink",
                    ),
                    insert_text_format: None,
                    insert_text_mode: None,
                    text_edit: None,
                    additional_text_edits: None,
                    command: None,
                    commit_characters: None,
                    data: None,
                    tags: None,
                },
                CompletionItem {
                    label: "struct",
                    label_details: None,
                    kind: Some(
                        Keyword,
                    ),
                    detail: None,
                    documentation: None,
                    deprecated: None,
                    preselect: None,
                    sort_text: None,
                    filter_text: None,
                    insert_text: Some(
                        "struct",
                    ),
                    insert_text_format: None,
                    insert_text_mode: None,
                    text_edit: None,
                    additional_text_edits: None,
                    command: None,
                    commit_characters: None,
                    data: None,
                    tags: None,
                },
                CompletionItem {
                    label: "switch",
                    label_details: None,
                    kind: Some(
                        Keyword,
                    ),
                    detail: None,
                    documentation: None,
                    deprecated: None,
                    preselect: None,
                    sort_text: None,
                    filter_text: None,
                    insert_text: Some(
                        "switch",
                    ),
                    insert_text_format: None,
                    insert_text_mode: None,
                    text_edit: None,
                    additional_text_edits: None,
                    command: None,
                    commit_characters: None,
                    data: None,
                    tags: None,
                },
                CompletionItem {
                    label: "throw",
                    label_details: None,
                    kind: Some(
                        Keyword,
                    ),
                    detail: None,
                    documentation: None,
                    deprecated: None,
                    preselect: None,
                    sort_text: None,
                    filter_text: None,
                    insert_text: Some(
                        "throw",
                    ),
                    insert_text_format: None,
                    insert_text_mode: None,
                    text_edit: None,
                    additional_text_edits: None,
                    command: None,
                    commit_characters: None,
                    data: None,
                    tags: None,
                },
                CompletionItem {
                    label: "tuple",
                    label_details: None,
                    kind: Some(
                        Keyword,
                    ),
                    detail: None,
                    documentation: None,
                    deprecated: None,
                    preselect: None,
                    sort_text: None,
                    filter_text: None,
                    insert_text: Some(
                        "tuple",
                    ),
                    insert_text_format: None,
                    insert_text_mode: None,
                    text_edit: None,
                    additional_text_edits: None,
                    command: None,
                    commit_characters: None,
                    data: None,
                    tags: None,
                },
                CompletionItem {
                    label: "type",
                    label_details: None,
                    kind: Some(
                        Keyword,
                    ),
                    detail: None,
                    documentation: None,
                    deprecated: None,
                    preselect: None,
                    sort_text: None,
                    filter_text: None,
                    insert_text: Some(
                        "type",
                    ),
                    insert_text_format: None,
                    insert_text_mode: None,
                    text_edit: None,
                    additional_text_edits: None,
                    command: None,
                    commit_characters: None,
                    data: None,
                    tags: None,
                },
                CompletionItem {
                    label: "unit",
                    label_details: None,
                    kind: Some(
                        Keyword,
                    ),
                    detail: None,
                    documentation: None,
                    deprecated: None,
                    preselect: None,
                    sort_text: None,
                    filter_text: None,
                    insert_text: Some(
                        "unit",
                    ),
                    insert_text_format: None,
                    insert_text_mode: None,
                    text_edit: None,
                    additional_text_edits: None,
                    command: None,
                    commit_characters: None,
                    data: None,
                    tags: None,
                },
                CompletionItem {
                    label: "unpack",
                    label_details: None,
                    kind: Some(
                        Keyword,
                    ),
                    detail: None,
                    documentation: None,
                    deprecated: None,
                    preselect: None,
                    sort_text: None,
                    filter_text: None,
                    insert_text: Some(
                        "unpack",
                    ),
                    insert_text_format: None,
                    insert_text_mode: None,
                    text_edit: None,
                    additional_text_edits: None,
                    command: None,
                    commit_characters: None,
                    data: None,
                    tags: None,
                },
                CompletionItem {
                    label: "unset",
                    label_details: None,
                    kind: Some(
                        Keyword,
                    ),
                    detail: None,
                    documentation: None,
                    deprecated: None,
                    preselect: None,
                    sort_text: None,
                    filter_text: None,
                    insert_text: Some(
                        "unset",
                    ),
                    insert_text_format: None,
                    insert_text_mode: None,
                    text_edit: None,
                    additional_text_edits: None,
                    command: None,
                    commit_characters: None,
                    data: None,
                    tags: None,
                },
                CompletionItem {
                    label: "var",
                    label_details: None,
                    kind: Some(
                        Keyword,
                    ),
                    detail: None,
                    documentation: None,
                    deprecated: None,
                    preselect: None,
                    sort_text: None,
                    filter_text: None,
                    insert_text: Some(
                        "var",
                    ),
                    insert_text_format: None,
                    insert_text_mode: None,
                    text_edit: None,
                    additional_text_edits: None,
                    command: None,
                    commit_characters: None,
                    data: None,
                    tags: None,
                },
                CompletionItem {
                    label: "vector",
                    label_details: None,
                    kind: Some(
                        Keyword,
                    ),
                    detail: None,
                    documentation: None,
                    deprecated: None,
                    preselect: None,
                    sort_text: None,
                    filter_text: None,
                    insert_text: Some(
                        "vector",
                    ),
                    insert_text_format: None,
                    insert_text_mode: None,
                    text_edit: None,
                    additional_text_edits: None,
                    command: None,
                    commit_characters: None,
                    data: None,
                    tags: None,
                },
                CompletionItem {
                    label: "view",
                    label_details: None,
                    kind: Some(
                        Keyword,
                    ),
                    detail: None,
                    documentation: None,
                    deprecated: None,
                    preselect: None,
                    sort_text: None,
                    filter_text: None,
                    insert_text: Some(
                        "view",
                    ),
                    insert_text_format: None,
                    insert_text_mode: None,
                    text_edit: None,
                    additional_text_edits: None,
                    command: None,
                    commit_characters: None,
                    data: None,
                    tags: None,
                },
                CompletionItem {
                    label: "while",
                    label_details: None,
                    kind: Some(
                        Keyword,
                    ),
                    detail: None,
                    documentation: None,
                    deprecated: None,
                    preselect: None,
                    sort_text: None,
                    filter_text: None,
                    insert_text: Some(
                        "while",
                    ),
                    insert_text_format: None,
                    insert_text_mode: None,
                    text_edit: None,
                    additional_text_edits: None,
                    command: None,
                    commit_characters: None,
                    data: None,
                    tags: None,
                },
                CompletionItem {
                    label: "{",
                    label_details: None,
                    kind: Some(
                        Keyword,
                    ),
                    detail: None,
                    documentation: None,
                    deprecated: None,
                    preselect: None,
                    sort_text: None,
                    filter_text: None,
                    insert_text: Some(
                        "{",
                    ),
                    insert_text_format: None,
                    insert_text_mode: None,
                    text_edit: None,
                    additional_text_edits: None,
                    command: None,
                    commit_characters: None,
                    data: None,
                    tags: None,
                },
                CompletionItem {
                    label: "|",
                    label_details: None,
                    kind: Some(
                        Keyword,
                    ),
                    detail: None,
                    documentation: None,
                    deprecated: None,
                    preselect: None,
                    sort_text: None,
                    filter_text: None,
                    insert_text: Some(
                        "|",
                    ),
                    insert_text_format: None,
                    insert_text_mode: None,
                    text_edit: None,
                    additional_text_edits: None,
                    command: None,
                    commit_characters: None,
                    data: None,
                    tags: None,
                },
                CompletionItem {
                    label: "||",
                    label_details: None,
                    kind: Some(
                        Keyword,
                    ),
                    detail: None,
                    documentation: None,
                    deprecated: None,
                    preselect: None,
                    sort_text: None,
                    filter_text: None,
                    insert_text: Some(
                        "||",
                    ),
                    insert_text_format: None,
                    insert_text_mode: None,
                    text_edit: None,
                    additional_text_edits: None,
                    command: None,
                    commit_characters: None,
                    data: None,
                    tags: None,
                },
                CompletionItem {
                    label: "}",
                    label_details: None,
                    kind: Some(
                        Keyword,
                    ),
                    detail: None,
                    documentation: None,
                    deprecated: None,
                    preselect: None,
                    sort_text: None,
                    filter_text: None,
                    insert_text: Some(
                        "}",
                    ),
                    insert_text_format: None,
                    insert_text_mode: None,
                    text_edit: None,
                    additional_text_edits: None,
                    command: None,
                    commit_characters: None,
                    data: None,
                    tags: None,
                },
                CompletionItem {
                    label: "~",
                    label_details: None,
                    kind: Some(
                        Keyword,
                    ),
                    detail: None,
                    documentation: None,
                    deprecated: None,
                    preselect: None,
                    sort_text: None,
                    filter_text: None,
                    insert_text: Some(
                        "~",
                    ),
                    insert_text_format: None,
                    insert_text_mode: None,
                    text_edit: None,
                    additional_text_edits: None,
                    command: None,
                    commit_characters: None,
                    data: None,
                    tags: None,
                },
            ],
        ),
    ),
)
